// Jest Snapshot v1, https://goo.gl/fbAQLP

exports[`Aggregate Status Card Count is working properly 1`] = `
<span
  class="card-pf-aggregate-status-count"
>
   9 
</span>
`;

exports[`Aggregate Status Notification is working properly 1`] = `
<span
  class="card-pf-aggregate-status-notification"
>
   
  <a
    class="add"
    data-placement="top"
    data-toggle="tooltip"
    href="#"
    title="Add Ipsum!"
  >
    <span
      aria-hidden="true"
      class="pficon pficon-add-circle-o"
    />
  </a>
   
</span>
`;

exports[`Aggregate Status Notifications is working properly 1`] = `
<p
  class="card-pf-aggregate-status-notifications"
>
  Card Content
</p>
`;
