// Jest Snapshot v1, https://goo.gl/fbAQLP

exports[`Autocomplete component renderItems should render the items 1`] = `
<ul
  aria-labelledby={undefined}
  className="dropdown-menu"
  role="menu"
  style={
    Object {
      "display": "block",
      "left": "inherit",
      "marginTop": 0,
      "position": "absolute",
      "top": "auto",
    }
  }
>
  <li
    className="disabled"
    role="presentation"
    style={undefined}
  >
    <a
      href="#"
      onClick={[Function]}
      onKeyDown={[Function]}
      role="menuitem"
      tabIndex="-1"
    >
      Red
    </a>
  </li>
  <li
    className=""
    role="presentation"
    style={undefined}
  >
    <a
      href="#"
      onClick={[Function]}
      onKeyDown={[Function]}
      role="menuitem"
      tabIndex="-1"
    >
      Orange
    </a>
  </li>
  <li
    className="dropdown-header"
    onKeyDown={[Function]}
    role="heading"
    style={undefined}
  >
    This is a Header
  </li>
  <li
    className="divider"
    onKeyDown={[Function]}
    role="separator"
    style={undefined}
  />
  <li
    className=""
    role="presentation"
    style={undefined}
  >
    <a
      href="#"
      onClick={[Function]}
      onKeyDown={[Function]}
      role="menuitem"
      tabIndex="-1"
    >
      Yellow
    </a>
  </li>
  <li
    className=""
    role="presentation"
    style={undefined}
  >
    <a
      href="#"
      onClick={[Function]}
      onKeyDown={[Function]}
      role="menuitem"
      tabIndex="-1"
    >
      Green
    </a>
  </li>
  <li
    className=""
    role="presentation"
    style={undefined}
  >
    <a
      href="#"
      onClick={[Function]}
      onKeyDown={[Function]}
      role="menuitem"
      tabIndex="-1"
    >
      Cyan
    </a>
  </li>
  <li
    className=""
    role="presentation"
    style={undefined}
  >
    <a
      href="#"
      onClick={[Function]}
      onKeyDown={[Function]}
      role="menuitem"
      tabIndex="-1"
    >
      Blue
    </a>
  </li>
  <li
    className=""
    role="presentation"
    style={undefined}
  >
    <a
      href="#"
      onClick={[Function]}
      onKeyDown={[Function]}
      role="menuitem"
      tabIndex="-1"
    >
      Indigo
    </a>
  </li>
  <li
    className=""
    role="presentation"
    style={undefined}
  >
    <a
      href="#"
      onClick={[Function]}
      onKeyDown={[Function]}
      role="menuitem"
      tabIndex="-1"
    >
      Violet
    </a>
  </li>
</ul>
`;

exports[`Autocomplete component should render input but not items on initial render 1`] = `
<div>
  
  <span
    className="input-group"
  >
    <input
      aria-activedescendant={null}
      aria-autocomplete="list"
      aria-expanded={false}
      autoComplete="off"
      className="form-control"
      id="downshift-input-2"
      onBlur={[Function]}
      onChange={[Function]}
      onKeyDown={[Function]}
      role="combobox"
      type="text"
      value=""
    />
    <span
      className="input-group-btn"
    >
      <button
        className="btn btn-default"
        disabled={false}
        onClick={[Function]}
        type="button"
      >
        Search
      </button>
    </span>
  </span>
</div>
`;
