// Jest Snapshot v1, https://goo.gl/fbAQLP

exports[`Paginator renders 1`] = `
<form
  className="paginator "
>
  <div
    className="form-group"
  >
    <div
      className="dropup btn-group"
    >
      <button
        aria-expanded={false}
        aria-haspopup={true}
        className="dropdown-toggle btn btn-default"
        disabled={false}
        id="paginator-dropdown"
        onClick={[Function]}
        onKeyDown={[Function]}
        role="button"
        type="button"
      >
        6
         
        <span
          className="caret"
        />
      </button>
      <ul
        aria-labelledby="paginator-dropdown"
        className="dropdown-menu"
        role="menu"
      >
        <li
          className="active"
          role="presentation"
          style={undefined}
        >
          <a
            href="#"
            onClick={[Function]}
            onKeyDown={[Function]}
            role="menuitem"
            tabIndex="-1"
          >
            6
          </a>
        </li>
        <li
          className=""
          role="presentation"
          style={undefined}
        >
          <a
            href="#"
            onClick={[Function]}
            onKeyDown={[Function]}
            role="menuitem"
            tabIndex="-1"
          >
            10
          </a>
        </li>
        <li
          className=""
          role="presentation"
          style={undefined}
        >
          <a
            href="#"
            onClick={[Function]}
            onKeyDown={[Function]}
            role="menuitem"
            tabIndex="-1"
          >
            15
          </a>
        </li>
        <li
          className=""
          role="presentation"
          style={undefined}
        >
          <a
            href="#"
            onClick={[Function]}
            onKeyDown={[Function]}
            role="menuitem"
            tabIndex="-1"
          >
            25
          </a>
        </li>
        <li
          className=""
          role="presentation"
          style={undefined}
        >
          <a
            href="#"
            onClick={[Function]}
            onKeyDown={[Function]}
            role="menuitem"
            tabIndex="-1"
          >
            50
          </a>
        </li>
      </ul>
    </div>
    <span>
       
      לדף
       
    </span>
  </div>
  <div
    className="form-group"
  >
    <span>
      <span
        className="pagination-pf-items-current"
      >
        1
        -
        15
      </span>
       
      שֶׁל
       
      <span
        className="pagination-pf-items-total"
      >
        75
      </span>
    </span>
    <ul
      className="pagination pagination-pf-back"
    >
      <li
        className="disabled"
      >
        <a
          href="#"
          onClick={[Function]}
          title="עמוד ראשון"
        >
          <span
            aria-hidden={true}
            className="fa fa-angle-double-left"
          />
        </a>
      </li>
      <li
        className="disabled"
      >
        <a
          href="#"
          onClick={[Function]}
          title="עמוד קודם"
        >
          <span
            aria-hidden={true}
            className="fa fa-angle-left"
          />
        </a>
      </li>
    </ul>
    <label
      className="sr-only control-label"
      htmlFor={undefined}
    >
      Current Page
    </label>
    <input
      className="pagination-pf-page form-control"
      id={undefined}
      onChange={[MockFunction]}
      type="text"
      value={1}
    />
    <span>
       
      שֶׁל
       
      <span
        className="pagination-pf-pages"
      >
        5
      </span>
    </span>
    <ul
      className="pagination pagination-pf-forward"
    >
      <li
        className=""
      >
        <a
          href="#"
          onClick={[Function]}
          title="עמוד הבא"
        >
          <span
            aria-hidden={true}
            className="fa fa-angle-right"
          />
        </a>
      </li>
      <li
        className=""
      >
        <a
          href="#"
          onClick={[Function]}
          title="עמוד אחרון"
        >
          <span
            aria-hidden={true}
            className="fa fa-angle-double-right"
          />
        </a>
      </li>
    </ul>
  </div>
</form>
`;
