// Jest Snapshot v1, https://goo.gl/fbAQLP

exports[`ListView renders properly 1`] = `
<div
  className="list-group list-view-pf list-view-pf-view"
>
  <div
    className="list-group-item list-view-pf-stacked"
  >
    <div
      className="list-group-item-header"
      onClick={[Function]}
    >
      <div
        className="list-view-pf-expand"
        onClick={[Function]}
      >
        <span
          className="fa fa-angle-right"
        />
      </div>
      <div
        style={
          Object {
            "display": "flex",
            "flex": 1,
          }
        }
      >
        <div
          className="list-view-pf-checkbox"
        >
          <input
            type="checkbox"
          />
        </div>
        <div
          className="list-view-pf-actions"
        >
          <div>
            <button
              className="btn btn-default"
              disabled={false}
              type="button"
            >
              Details
            </button>
          </div>
        </div>
        <div
          className="list-view-pf-main-info"
        >
          <div
            className="list-view-pf-left"
          >
            <span
              aria-hidden={true}
              className="fa fa-plane list-view-pf-icon-sm"
            />
          </div>
          <div
            className="list-view-pf-body"
          >
            <div
              className="list-view-pf-description"
            >
              <div
                className="list-group-item-heading"
              >
                Item 1
              </div>
              <div
                className="list-group-item-text"
              >
                This is Item 1 description
              </div>
            </div>
            <div
              className="list-view-pf-additional-info"
            >
              <div
                className="list-view-pf-additional-info-item"
                onClick={[Function]}
              >
                <span
                  className="pficon pficon-flavor"
                />
                <strong>
                  3
                </strong>
                 
                hosts
              </div>
              <div
                className="list-view-pf-additional-info-item"
                onClick={[Function]}
              >
                <span
                  className="pficon pficon-cluster"
                />
                <strong>
                  1
                </strong>
                 
                clusters
              </div>
              <div
                className="list-view-pf-additional-info-item"
                onClick={[Function]}
              >
                <span
                  className="pficon pficon-container-node"
                />
                <strong>
                  7
                </strong>
                 
                nodes
              </div>
              <div
                className="list-view-pf-additional-info-item"
                onClick={[Function]}
              >
                <span
                  className="pficon pficon-image"
                />
                <strong>
                  4
                </strong>
                 
                images
              </div>
            </div>
          </div>
        </div>
      </div>
    </div>
    <div
      className="list-group-item-container container-fluid hidden"
    >
      <div
        className="close"
      >
        <span
          className="pficon pficon-close"
          onClick={[Function]}
        />
      </div>
    </div>
  </div>
  <div
    className="list-group-item list-view-pf-stacked"
  >
    <div
      className="list-group-item-header"
      onClick={[Function]}
    >
      <div
        className="list-view-pf-expand"
        onClick={[Function]}
      >
        <span
          className="fa fa-angle-right"
        />
      </div>
      <div
        style={
          Object {
            "display": "flex",
            "flex": 1,
          }
        }
      >
        <div
          className="list-view-pf-checkbox"
        >
          <input
            type="checkbox"
          />
        </div>
        <div
          className="list-view-pf-actions"
        >
          <div>
            <button
              className="btn btn-default"
              disabled={false}
              type="button"
            >
              Details
            </button>
          </div>
        </div>
        <div
          className="list-view-pf-main-info"
        >
          <div
            className="list-view-pf-left"
          >
            <span
              aria-hidden={true}
              className="fa fa-plane list-view-pf-icon-sm"
            />
          </div>
          <div
            className="list-view-pf-body"
          >
            <div
              className="list-view-pf-description"
            >
              <div
                className="list-group-item-heading"
              >
                Item 2
              </div>
              <div
                className="list-group-item-text"
              >
                This is Item 2 description
              </div>
            </div>
            <div
              className="list-view-pf-additional-info"
            >
              <div
                className="list-view-pf-additional-info-item"
                onClick={[Function]}
              >
                <span
                  className="pficon pficon-flavor"
                />
                <strong>
                  2
                </strong>
                 
                hosts
              </div>
              <div
                className="list-view-pf-additional-info-item"
                onClick={[Function]}
              >
                <span
                  className="pficon pficon-cluster"
                />
                <strong>
                  1
                </strong>
                 
                clusters
              </div>
              <div
                className="list-view-pf-additional-info-item"
                onClick={[Function]}
              >
                <span
                  className="pficon pficon-container-node"
                />
                <strong>
                  11
                </strong>
                 
                nodes
              </div>
              <div
                className="list-view-pf-additional-info-item"
                onClick={[Function]}
              >
                <span
                  className="pficon pficon-image"
                />
                <strong>
                  8
                </strong>
                 
                images
              </div>
            </div>
          </div>
        </div>
      </div>
    </div>
    <div
      className="list-group-item-container container-fluid hidden"
    >
      <div
        className="close"
      >
        <span
          className="pficon pficon-close"
          onClick={[Function]}
        />
      </div>
    </div>
  </div>
  <div
    className="list-group-item list-view-pf-stacked"
  >
    <div
      className="list-group-item-header"
      onClick={[Function]}
    >
      <div
        className="list-view-pf-expand"
        onClick={[Function]}
      >
        <span
          className="fa fa-angle-right"
        />
      </div>
      <div
        style={
          Object {
            "display": "flex",
            "flex": 1,
          }
        }
      >
        <div
          className="list-view-pf-checkbox"
        >
          <input
            type="checkbox"
          />
        </div>
        <div
          className="list-view-pf-actions"
        >
          <div>
            <button
              className="btn btn-default"
              disabled={false}
              type="button"
            >
              Details
            </button>
          </div>
        </div>
        <div
          className="list-view-pf-main-info"
        >
          <div
            className="list-view-pf-left"
          >
            <span
              aria-hidden={true}
              className="fa fa-plane list-view-pf-icon-sm"
            />
          </div>
          <div
            className="list-view-pf-body"
          >
            <div
              className="list-view-pf-description"
            >
              <div
                className="list-group-item-heading"
              >
                Item 3
              </div>
              <div
                className="list-group-item-text"
              >
                This is Item 3 description
              </div>
            </div>
            <div
              className="list-view-pf-additional-info"
            >
              <div
                className="list-view-pf-additional-info-item"
                onClick={[Function]}
              >
                <span
                  className="pficon pficon-flavor"
                />
                <strong>
                  4
                </strong>
                 
                hosts
              </div>
              <div
                className="list-view-pf-additional-info-item"
                onClick={[Function]}
              >
                <span
                  className="pficon pficon-cluster"
                />
                <strong>
                  2
                </strong>
                 
                clusters
              </div>
              <div
                className="list-view-pf-additional-info-item"
                onClick={[Function]}
              >
                <span
                  className="pficon pficon-container-node"
                />
                <strong>
                  9
                </strong>
                 
                nodes
              </div>
              <div
                className="list-view-pf-additional-info-item"
                onClick={[Function]}
              >
                <span
                  className="pficon pficon-image"
                />
                <strong>
                  8
                </strong>
                 
                images
              </div>
            </div>
          </div>
        </div>
      </div>
    </div>
    <div
      className="list-group-item-container container-fluid hidden"
    >
      <div
        className="close"
      >
        <span
          className="pficon pficon-close"
          onClick={[Function]}
        />
      </div>
    </div>
  </div>
  <div
    className="list-group-item list-view-pf-stacked"
  >
    <div
      className="list-group-item-header"
      onClick={[Function]}
    >
      <div
        className="list-view-pf-expand"
        onClick={[Function]}
      >
        <span
          className="fa fa-angle-right"
        />
      </div>
      <div
        style={
          Object {
            "display": "flex",
            "flex": 1,
          }
        }
      >
        <div
          className="list-view-pf-checkbox"
        >
          <input
            type="checkbox"
          />
        </div>
        <div
          className="list-view-pf-actions"
        >
          <div>
            <button
              className="btn btn-default"
              disabled={false}
              type="button"
            >
              Details
            </button>
          </div>
        </div>
        <div
          className="list-view-pf-main-info"
        >
          <div
            className="list-view-pf-left"
          >
            <span
              aria-hidden={true}
              className="fa fa-plane list-view-pf-icon-sm"
            />
          </div>
          <div
            className="list-view-pf-body"
          >
            <div
              className="list-view-pf-description"
            >
              <div
                className="list-group-item-text"
              >
                This is Item without heading
              </div>
            </div>
          </div>
        </div>
      </div>
    </div>
    <div
      className="list-group-item-container container-fluid hidden"
    >
      <div
        className="close"
      >
        <span
          className="pficon pficon-close"
          onClick={[Function]}
        />
      </div>
    </div>
  </div>
  <div
    className="list-group-item list-view-pf-stacked"
  >
    <div
      className="list-group-item-header"
      onClick={[Function]}
    >
      <div
        className="list-view-pf-expand"
        onClick={[Function]}
      >
        <span
          className="fa fa-angle-right"
        />
      </div>
      <div
        style={
          Object {
            "display": "flex",
            "flex": 1,
          }
        }
      >
        <div
          className="list-view-pf-checkbox"
        >
          <input
            type="checkbox"
          />
        </div>
        <div
          className="list-view-pf-actions"
        >
          <div>
            <button
              className="btn btn-default"
              disabled={false}
              type="button"
            >
              Details
            </button>
          </div>
        </div>
        <div
          className="list-view-pf-main-info"
        >
          <div
            className="list-view-pf-left"
          >
            <span
              aria-hidden={true}
              className="fa fa-plane list-view-pf-icon-sm"
            />
          </div>
          <div
            className="list-view-pf-body"
          >
            <div
              className="list-view-pf-additional-info"
            >
              <div
                className="list-view-pf-additional-info-item"
                onClick={[Function]}
              >
                <span
                  className="pficon pficon-flavor"
                />
                <strong>
                  4
                </strong>
                 
                hosts
              </div>
              <div
                className="list-view-pf-additional-info-item"
                onClick={[Function]}
              >
                <span
                  className="pficon pficon-cluster"
                />
                <strong>
                  2
                </strong>
                 
                clusters
              </div>
              <div
                className="list-view-pf-additional-info-item"
                onClick={[Function]}
              >
                <span
                  className="pficon pficon-container-node"
                />
                <strong>
                  9
                </strong>
                 
                nodes
              </div>
              <div
                className="list-view-pf-additional-info-item"
                onClick={[Function]}
              >
                <span
                  className="pficon pficon-image"
                />
                <strong>
                  8
                </strong>
                 
                images
              </div>
            </div>
          </div>
        </div>
      </div>
    </div>
    <div
      className="list-group-item-container container-fluid hidden"
    >
      <div
        className="close"
      >
        <span
          className="pficon pficon-close"
          onClick={[Function]}
        />
      </div>
    </div>
  </div>
  <div
    className="list-group-item list-view-pf-stacked"
  >
    <div
      className="list-group-item-header"
      onClick={[Function]}
    >
      <div
        className="list-view-pf-expand"
        onClick={[Function]}
      >
        <span
          className="fa fa-angle-right"
        />
      </div>
      <div
        style={
          Object {
            "display": "flex",
            "flex": 1,
          }
        }
      >
        <div
          className="list-view-pf-checkbox"
        >
          <input
            type="checkbox"
          />
        </div>
        <div
          className="list-view-pf-actions"
        >
          <div>
            <button
              className="btn btn-default"
              disabled={false}
              type="button"
            >
              Details
            </button>
          </div>
        </div>
        <div
          className="list-view-pf-main-info"
        >
          <div
            className="list-view-pf-left"
          >
            <span
              aria-hidden={true}
              className="fa fa-plane list-view-pf-icon-sm"
            />
          </div>
          <div
            className="list-view-pf-body"
          >
            <div
              className="list-view-pf-description"
            >
              <div
                className="list-group-item-heading"
              >
                Item without description
              </div>
            </div>
          </div>
        </div>
      </div>
    </div>
    <div
      className="list-group-item-container container-fluid hidden"
    >
      <div
        className="close"
      >
        <span
          className="pficon pficon-close"
          onClick={[Function]}
        />
      </div>
    </div>
  </div>
</div>
`;
