// Jest Snapshot v1, https://goo.gl/fbAQLP

exports[`Kebab dropdown renders properly 1`] = `
<div
  className="dropdown-kebab-pf dropdown btn-group"
>
  <button
    aria-expanded={false}
    aria-haspopup={true}
    className="dropdown-toggle btn btn-link"
    disabled={false}
    id="myKebab"
    onClick={[Function]}
    onKeyDown={[Function]}
    role="button"
    type="button"
  >
    <span
      aria-hidden={true}
      className="fa fa-ellipsis-v"
    />
  </button>
  <ul
    aria-labelledby="myKebab"
    className="dropdown-menu"
    role="menu"
  >
    <li
      className=""
      role="presentation"
      style={undefined}
    >
      <a
        href="#"
        onClick={[Function]}
        onKeyDown={[Function]}
        role="menuitem"
        tabIndex="-1"
      >
        Action
      </a>
    </li>
    <li
      className=""
      role="presentation"
      style={undefined}
    >
      <a
        href="#"
        onClick={[Function]}
        onKeyDown={[Function]}
        role="menuitem"
        tabIndex="-1"
      >
        Another Action
      </a>
    </li>
    <li
      className=""
      role="presentation"
      style={undefined}
    >
      <a
        href="#"
        onClick={[Function]}
        onKeyDown={[Function]}
        role="menuitem"
        tabIndex="-1"
      >
        Something else here
      </a>
    </li>
    <li
      className="divider"
      onKeyDown={[Function]}
      role="separator"
      style={undefined}
    />
    <li
      className=""
      role="presentation"
      style={undefined}
    >
      <a
        href="#"
        onClick={[Function]}
        onKeyDown={[Function]}
        role="menuitem"
        tabIndex="-1"
      >
        Separated link
      </a>
    </li>
  </ul>
</div>
`;
